// Jest Snapshot v1, https://goo.gl/fbAQLP

exports[`FormInputCell component renders as expected 1`] = `
<Cell
  accessory={false}
  accessoryColor="#007AFF"
  allowFontScaling={true}
  backgroundColor="#FFF"
  cellAccessoryView={null}
  cellContentView={
    <View
      style={
        Object {
          "flex": 1,
          "paddingVertical": 10,
        }
      }
    >
      <Input
        onChangeText={[Function]}
        placeholder="placeholder"
        value=""
      />
    </View>
  }
  cellImageView={null}
  cellStyle="Basic"
  contentContainerStyle={Object {}}
  detail=""
  detailTextStyle={Object {}}
  disableImageResize={false}
  highlightActiveOpacity={0.8}
  highlightUnderlayColor="black"
  image={null}
  isDisabled={false}
  leftDetailColor="#007AFF"
  onHighlightRow={null}
  onPress={false}
  onUnHighlightRow={null}
  rightDetailColor="#8E8E93"
  subtitleColor="#000"
  subtitleTextStyle={Object {}}
  title=""
  titleTextColor="#000"
  titleTextStyle={Object {}}
  titleTextStyleDisabled={Object {}}
/>
`;
