// Jest Snapshot v1, https://goo.gl/fbAQLP

exports[`View components PaddedView renders as expected 1`] = `
<View
  style={
    Array [
      Object {
        "padding": 10,
      },
    ]
  }
/>
`;

exports[`View components View renders as expected 1`] = `
<View
  style={null}
/>
`;
