// Jest Snapshot v1, https://goo.gl/fbAQLP

exports[`StepsBox component renders as expected 1`] = `
<View
  style={
    Array [
      Object {
        "flex": 1,
        "justifyContent": "center",
      },
      Object {},
    ]
  }
>
  <Text
    accessible={true}
    allowFontScaling={true}
    disabled={false}
    ellipsizeMode="tail"
    style={
      Object {
        "fontFamily": "Avenir",
        "fontSize": 20,
        "fontWeight": "bold",
      }
    }
  >
    Steps
  </Text>
  <View
    key="0"
    style={
      Object {
        "flexDirection": "row",
      }
    }
  >
    <Text
      accessible={true}
      allowFontScaling={true}
      disabled={false}
      ellipsizeMode="tail"
      style={
        Object {
          "fontFamily": "Avenir",
          "fontWeight": "bold",
          "paddingLeft": 5,
        }
      }
    >
      1.
    </Text>
    <Text
      accessible={true}
      allowFontScaling={true}
      disabled={false}
      ellipsizeMode="tail"
      style={
        Object {
          "fontFamily": "Avenir",
          "paddingLeft": 5,
        }
      }
    >
      Halve eggs and remove yolk.
    </Text>
  </View>
  <View
    key="1"
    style={
      Object {
        "flexDirection": "row",
      }
    }
  >
    <Text
      accessible={true}
      allowFontScaling={true}
      disabled={false}
      ellipsizeMode="tail"
      style={
        Object {
          "fontFamily": "Avenir",
          "fontWeight": "bold",
          "paddingLeft": 5,
        }
      }
    >
      2.
    </Text>
    <Text
      accessible={true}
      allowFontScaling={true}
      disabled={false}
      ellipsizeMode="tail"
      style={
        Object {
          "fontFamily": "Avenir",
          "paddingLeft": 5,
        }
      }
    >
      Mix yolks with mustard, cottage cheese and half of dill.
    </Text>
  </View>
  <View
    key="2"
    style={
      Object {
        "flexDirection": "row",
      }
    }
  >
    <Text
      accessible={true}
      allowFontScaling={true}
      disabled={false}
      ellipsizeMode="tail"
      style={
        Object {
          "fontFamily": "Avenir",
          "fontWeight": "bold",
          "paddingLeft": 5,
        }
      }
    >
      3.
    </Text>
    <Text
      accessible={true}
      allowFontScaling={true}
      disabled={false}
      ellipsizeMode="tail"
      style={
        Object {
          "fontFamily": "Avenir",
          "paddingLeft": 5,
        }
      }
    >
      Fill egg halves with yolk mixture and garnish with remaining dill.
    </Text>
  </View>
</View>
`;
